<testsuites name="jest tests" tests="4" failures="0" time="2.409">
  <testsuite name="undefined" errors="0" failures="0" skipped="0" timestamp="2023-04-15T23:57:53" time="2.409" tests="4">
    <testcase classname=" Initial articles render correctly" name=" Initial articles render correctly" time="0.048">
    </testcase>
    <testcase classname=" Clicking on top renders expected articles" name=" Clicking on top renders expected articles" time="0.014">
    </testcase>
    <testcase classname=" Clicking on newest renders expected articles" name=" Clicking on newest renders expected articles" time="0.012">
    </testcase>
    <testcase classname=" Sequence of navigation clicks renders expected artices" name=" Sequence of navigation clicks renders expected artices" time="0.027">
    </testcase>
  </testsuite>
</testsuites>